{
  "content": "Hello, 世界!",
  "createdAt": "2020-01-02T00:00:00Z",
  "dueOn": "2020-01-02",
  "id": "01DXF6DT000000000000000002",
  "priority": 3,
  "project_id": "01DXF6DT000000000000000000",
  "title": "新タスク",
  "updatedAt": "2020-01-02T00:00:00Z"
}