{
  "hasNext": false,
  "tasks": [
    {
      "content": "Hello, 世界!",
      "createdAt": "2020-01-01T00:00:00Z",
      "id": "01DXF6DT000000000000000000",
      "priority": 0,
      "project_id": "01DXF6DT000000000000000000",
      "title": "タスク1",
      "updatedAt": "2020-01-01T00:00:00Z"
    },
    {
      "completedAt": "2020-01-02T00:00:00Z",
      "content": "",
      "createdAt": "2020-01-01T00:00:01Z",
      "dueOn": "2020-01-02",
      "id": "01DXF6DT000000000000000001",
      "priority": 3,
      "project_id": "01DXF6DT000000000000000000",
      "title": "タスク2",
      "updatedAt": "2020-01-02T00:00:00Z"
    }
  ]
}