{
  "hasNext": false,
  "projects": [
    {
      "color": "#1A2B3C",
      "createdAt": "2020-01-01T00:00:00Z",
      "id": "01DXF6DT000000000000000000",
      "isArchived": false,
      "name": "プロジェクト1",
      "updatedAt": "2020-01-01T00:00:00Z"
    },
    {
      "color": "#1A2B3C",
      "createdAt": "2020-01-01T00:00:01Z",
      "id": "01DXF6DT000000000000000001",
      "isArchived": false,
      "name": "プロジェクト2",
      "updatedAt": "2020-01-01T00:00:01Z"
    }
  ]
}