{
  "completedAt": "2020-01-02T00:00:00Z",
  "content": "Hello, 世界!",
  "createdAt": "2020-01-01T00:00:00Z",
  "id": "01DXF6DT000000000000000000",
  "priority": 0,
  "project_id": "01DXF6DT000000000000000000",
  "title": "タスク1",
  "updatedAt": "2020-01-02T00:00:00Z"
}