{
  "color": "#1A2B3C",
  "createdAt": "2020-01-01T00:00:00Z",
  "id": "01DXF6DT000000000000000000",
  "isArchived": false,
  "name": "新プロジェクト1",
  "updatedAt": "2020-01-02T00:00:00Z"
}